Social Media Management Platform - Backend API Testing
Testing against: https://f172fa13-34dd-4e25-a49a-5e4342ce5451.preview.emergentagent.com

🚀 Starting Comprehensive Backend API Testing - Revolutionary AI Features
================================================================================
✅ Health Check - PASSED
   Details: Status: healthy
✅ Debug Endpoint - PASSED
   Details: Claude API Key exists: True
✅ Platforms Endpoint - PASSED
   Details: Found 8 platforms: ['instagram', 'tiktok', 'facebook', 'youtube', 'whatsapp', 'snapchat', 'x', 'linkedin']
✅ Content Examples - PASSED
   Details: Found 20 topics, 5 audience levels

📊 Company Management Tests
------------------------------
✅ Create Company - PASSED
   Details: Created company with ID: 6879ad40ca472fb04a573aba
✅ Get Companies - PASSED
   Details: Found 13 companies
✅ Get Company by ID - PASSED
   Details: Retrieved company: Test Company 021112
❌ Update Company - FAILED: Status: No response

🔍 Revolutionary AI-Powered SEO Features
----------------------------------------
✅ SEO Analysis - PASSED
   Details: SEO Score: 40.0, Readability: 0.0, Recommendations: 3

📈 Advanced Hashtag & Trend Analysis
----------------------------------------
✅ Hashtag Analysis - PASSED
   Details: Analyzed 5 hashtags with trend analysis
✅ Trending Hashtags - PASSED
   Details: Industry: construction, Categories: ['trending', 'stable', 'declining']

🎯 Content Performance Prediction
----------------------------------------
❌ Performance Prediction - FAILED: Status: No response

🔄 Cross-Platform Content Repurposing
----------------------------------------
❌ Content Repurposing - FAILED: Status: No response

💰 ROI Analytics & Tracking
----------------------------------------
✅ ROI Analytics - PASSED
   Details: ROI: 1400.0%, Platforms: 3

📁 Enhanced Media Management
------------------------------
✅ Media Categories - PASSED
   Details: Found 8 categories with descriptions
✅ Get Company Media - PASSED
   Details: Retrieved 0 media files
✅ Monthly Media Requests - PASSED
   Details: Found 7 companies needing media requests
✅ Media Request Prompt - PASSED
   Details: Generated prompt for Test Company 021112 with 0 media files
✅ Mark Media Request Sent - PASSED
   Details: Media request marked as sent

🎨 Revolutionary Content Generation
----------------------------------------
Request error: HTTPSConnectionPool(host='c9f23e3c-45d7-4a63-b065-4da190670cd7.preview.emergentagent.com', port=443): Read timed out. (read timeout=30)
❌ Generate Content - FAILED: Status: No response
Request error: HTTPSConnectionPool(host='c9f23e3c-45d7-4a63-b065-4da190670cd7.preview.emergentagent.com', port=443): Read timed out. (read timeout=30)
❌ Enhanced Content Generation - FAILED: Status: No response

📅 Scheduling and Calendar Tests
------------------------------
Request error: HTTPSConnectionPool(host='c9f23e3c-45d7-4a63-b065-4da190670cd7.preview.emergentagent.com', port=443): Read timed out. (read timeout=30)
❌ Schedule Post - FAILED: Status: No response
